foo 1.2.3.4

bar 2.3.4.5
foo  1.2.3.4
baz6.7.8.9
gibberish
